[incomplete-learning-491835.framer.app/index.html]
[backblue.gif]
[fade.gif]
[index.html]
[framerusercontent.com/images/7Sbsg8sO6E6ZrytHtPymWx8Kylc.jpg]
[framerusercontent.com/assets/MMFHexxPgEktGQ3qglAeGcCRTGM.png]
[incomplete-learning-491835.framer.app/about.html]
[incomplete-learning-491835.framer.app/works.html]
[incomplete-learning-491835.framer.app/contact.html]
[framerusercontent.com/images/iXgxfsta1XVO5iXIqlJ23MBdE.png]
[framerusercontent.com/images/NPXD3T7nlGranEFcPug44M5S3vY.png]
[framerusercontent.com/images/UD5sUffIGgBrDW0tInGJeV7eoIA.png]
[framerusercontent.com/images/SbqBPOqXhuWgU1ajB8uiJqPujmA.png]
[framerusercontent.com/images/Df5NNmw1bBVetK3aK3l904iAsmY.png]
[framerusercontent.com/images/3SiNsGV2OWFTz0WZrDzv3F2Qkc.png]
[framerusercontent.com/images/dXToeYIjwKYjMcqTlocCEgZjM.png]
[framerusercontent.com/images/MMFHexxPgEktGQ3qglAeGcCRTGM.png]
[incomplete-learning-491835.framer.app/index.html]
[framerusercontent.com/assets/SQ8ywGqkXjtfC8t8T7zAfgBF4.jpg]
[incomplete-learning-491835.framer.app/about.html]
[framerusercontent.com/images/klC7vzEJuqFLrIjZWNM5DJ1TU.png]
[framerusercontent.com/images/pYcOpIUV603JMT8TNDfx3PZLC7o.png]
[incomplete-learning-491835.framer.app/works.html]
[framerusercontent.com/images/hSZ4GRRczlqLHv1DVL4mYsoPCx8.png]
[framerusercontent.com/images/7Sbsg8sO6E6ZrytHtPymWx8Kylc17f5.jpg]
[incomplete-learning-491835.framer.app/contact.html]
[incomplete-learning-491835.framer.app/&apos;data_image/svg+xml;utf8,_svg xmlns=_http_/www.w3.org/2000/svg_ xmlns_xlink=_http_/www.w3.org/1999/xlink_ viewBox=_0 0 28 28___path d=]
[incomplete-learning-491835.framer.app/&apos;data_image/svg+xml;utf8,_svg xmlns=_http_/www.w3.org/2000/svg_ xmlns_xlink=_http_/www.w3.org/1999/xlink_ viewBox=_0 0 24 24___path d=]
[incomplete-learning-491835.framer.app/&apos;data_image/svg+xml;utf8,_svg xmlns=_http_/www.w3.org/2000/svg_ xmlns_xlink=_http_/www.w3.org/1999/xlink_ viewBox=_0 0 20 20___path d=]
[incomplete-learning-491835.framer.app/&apos;data_image/svg+xml;utf8,_svg xmlns=_http_/www.w3.org/2000/svg_ xmlns_xlink=_http_/www.w3.org/1999/xlink_ viewBox=_0 0 24 24___path d=-2]
[incomplete-learning-491835.framer.app/&apos;data_image/svg+xml;utf8,_svg xmlns=_http_/www.w3.org/2000/svg_ xmlns_xlink=_http_/www.w3.org/1999/xlink_ viewBox=_0 0 28 28___path d=-2]
[incomplete-learning-491835.framer.app/&apos;data_image/svg+xml;utf8,_svg xmlns=_http_/www.w3.org/2000/svg_ xmlns_xlink=_http_/www.w3.org/1999/xlink_ viewBox=_0 0 28 28___path d=-2]
[incomplete-learning-491835.framer.app/&apos;data_image/svg+xml;utf8,_svg xmlns=_http_/www.w3.org/2000/svg_ xmlns_xlink=_http_/www.w3.org/1999/xlink_ viewBox=_0 0 24 24___path d=-2]
[incomplete-learning-491835.framer.app/&apos;data_image/svg+xml;utf8,_svg xmlns=_http_/www.w3.org/2000/svg_ xmlns_xlink=_http_/www.w3.org/1999/xlink_ viewBox=_0 0 20 20___path d=-2]
[incomplete-learning-491835.framer.app/&apos;data_image/svg+xml;utf8,_svg xmlns=_http_/www.w3.org/2000/svg_ xmlns_xlink=_http_/www.w3.org/1999/xlink_ viewBox=_0 0 20 20___path d=-2]
